// Jest Snapshot v1, https://goo.gl/fbAQLP

exports[`<LanguageBtn /> provides a snapshot of LanguageBtn's tree 1`] = `
<Route
  render={[Function]}
/>
`;
