// Jest Snapshot v1, https://goo.gl/fbAQLP

exports[`<LanguageAspect /> provides a snapshot of LanguageAspect's tree 1`] = `
<Route
  render={[Function]}
/>
`;
