// Jest Snapshot v1, https://goo.gl/fbAQLP

exports[`<ListLanguageAspects /> provides a snapshot of ListLanguageAspects' tree 1`] = `
<Route
  render={[Function]}
/>
`;
